// Jest Snapshot v1, https://goo.gl/fbAQLP

exports[`Generate component Search 1`] = `<search />`;

exports[`Generate component Search 2`] = `<search />`;

exports[`Generate component Search 3`] = `
<search
  state={
    Object {
      "artistes": Object {
        "isFetching": true,
      },
    }
  }
/>
`;
